error1
error2
error3 